// Jest Snapshot v1, https://goo.gl/fbAQLP

exports[`Header Renders Header 1`] = `
<WithStyles(ForwardRef(AppBar))
  className="root"
  position="static"
>
  <div
    id="header-main"
  >
    <div
      className="upperHeader"
    >
      <div
        className="rectangle"
      >
        <AccountIcon />
        Brightec
      </div>
      <h2>
        Natterbox
      </h2>
      <Login />
    </div>
    <div
      className="lowerHeader"
    >
      <WithStyles(ForwardRef(Tabs))
        classes={
          Object {
            "root": "makeStyles-root-2",
          }
        }
        value="/logs"
      >
        <WithStyles(ForwardRef(Tab))
          className="tabLink "
          classes={
            Object {
              "root": "makeStyles-root-1",
            }
          }
          component={
            Object {
              "$$typeof": Symbol(react.forward_ref),
              "displayName": "NavLink",
              "propTypes": Object {
                "activeClassName": [Function],
                "activeStyle": [Function],
                "aria-current": [Function],
                "className": [Function],
                "exact": [Function],
                "innerRef": [Function],
                "isActive": [Function],
                "location": [Function],
                "onClick": [Function],
                "replace": [Function],
                "strict": [Function],
                "style": [Function],
                "target": [Function],
                "to": [Function],
              },
              "render": [Function],
            }
          }
          label="Home"
          to="/home"
        />
        <WithStyles(ForwardRef(Tab))
          className="tabLink tabLinkSelected"
          classes={
            Object {
              "root": "makeStyles-root-1",
            }
          }
          component={
            Object {
              "$$typeof": Symbol(react.forward_ref),
              "displayName": "NavLink",
              "propTypes": Object {
                "activeClassName": [Function],
                "activeStyle": [Function],
                "aria-current": [Function],
                "className": [Function],
                "exact": [Function],
                "innerRef": [Function],
                "isActive": [Function],
                "location": [Function],
                "onClick": [Function],
                "replace": [Function],
                "strict": [Function],
                "style": [Function],
                "target": [Function],
                "to": [Function],
              },
              "render": [Function],
            }
          }
          label="Logs"
          to="/logs"
        />
        <WithStyles(ForwardRef(Tab))
          className="tabLink "
          classes={
            Object {
              "root": "makeStyles-root-1",
            }
          }
          component={
            Object {
              "$$typeof": Symbol(react.forward_ref),
              "displayName": "NavLink",
              "propTypes": Object {
                "activeClassName": [Function],
                "activeStyle": [Function],
                "aria-current": [Function],
                "className": [Function],
                "exact": [Function],
                "innerRef": [Function],
                "isActive": [Function],
                "location": [Function],
                "onClick": [Function],
                "replace": [Function],
                "strict": [Function],
                "style": [Function],
                "target": [Function],
                "to": [Function],
              },
              "render": [Function],
            }
          }
          label="Account settings"
          to="/accounts"
        />
        <WithStyles(ForwardRef(Tab))
          className="tabLink "
          classes={
            Object {
              "root": "makeStyles-root-1",
            }
          }
          component={
            Object {
              "$$typeof": Symbol(react.forward_ref),
              "displayName": "NavLink",
              "propTypes": Object {
                "activeClassName": [Function],
                "activeStyle": [Function],
                "aria-current": [Function],
                "className": [Function],
                "exact": [Function],
                "innerRef": [Function],
                "isActive": [Function],
                "location": [Function],
                "onClick": [Function],
                "replace": [Function],
                "strict": [Function],
                "style": [Function],
                "target": [Function],
                "to": [Function],
              },
              "render": [Function],
            }
          }
          label="Users"
          to="/users"
        />
        <WithStyles(ForwardRef(Tab))
          className="tabLink "
          classes={
            Object {
              "root": "makeStyles-root-1",
            }
          }
          component={
            Object {
              "$$typeof": Symbol(react.forward_ref),
              "displayName": "NavLink",
              "propTypes": Object {
                "activeClassName": [Function],
                "activeStyle": [Function],
                "aria-current": [Function],
                "className": [Function],
                "exact": [Function],
                "innerRef": [Function],
                "isActive": [Function],
                "location": [Function],
                "onClick": [Function],
                "replace": [Function],
                "strict": [Function],
                "style": [Function],
                "target": [Function],
                "to": [Function],
              },
              "render": [Function],
            }
          }
          label="Groups"
          to="/groups"
        />
        <WithStyles(ForwardRef(Tab))
          className="tabLink "
          classes={
            Object {
              "root": "makeStyles-root-1",
            }
          }
          component={
            Object {
              "$$typeof": Symbol(react.forward_ref),
              "displayName": "NavLink",
              "propTypes": Object {
                "activeClassName": [Function],
                "activeStyle": [Function],
                "aria-current": [Function],
                "className": [Function],
                "exact": [Function],
                "innerRef": [Function],
                "isActive": [Function],
                "location": [Function],
                "onClick": [Function],
                "replace": [Function],
                "strict": [Function],
                "style": [Function],
                "target": [Function],
                "to": [Function],
              },
              "render": [Function],
            }
          }
          label="Devices"
          to="/devices"
        />
        <WithStyles(ForwardRef(Tab))
          className="tabLink "
          classes={
            Object {
              "root": "makeStyles-root-1",
            }
          }
          component={
            Object {
              "$$typeof": Symbol(react.forward_ref),
              "displayName": "NavLink",
              "propTypes": Object {
                "activeClassName": [Function],
                "activeStyle": [Function],
                "aria-current": [Function],
                "className": [Function],
                "exact": [Function],
                "innerRef": [Function],
                "isActive": [Function],
                "location": [Function],
                "onClick": [Function],
                "replace": [Function],
                "strict": [Function],
                "style": [Function],
                "target": [Function],
                "to": [Function],
              },
              "render": [Function],
            }
          }
          label="Numbers"
          to="/numbers"
        />
        <WithStyles(ForwardRef(Tab))
          className="tabLink "
          classes={
            Object {
              "root": "makeStyles-root-1",
            }
          }
          component={
            Object {
              "$$typeof": Symbol(react.forward_ref),
              "displayName": "NavLink",
              "propTypes": Object {
                "activeClassName": [Function],
                "activeStyle": [Function],
                "aria-current": [Function],
                "className": [Function],
                "exact": [Function],
                "innerRef": [Function],
                "isActive": [Function],
                "location": [Function],
                "onClick": [Function],
                "replace": [Function],
                "strict": [Function],
                "style": [Function],
                "target": [Function],
                "to": [Function],
              },
              "render": [Function],
            }
          }
          label="Policies"
          to="/policies"
        />
      </WithStyles(ForwardRef(Tabs))>
      <WithStyles(ForwardRef(Paper))
        className="search"
      >
        <WithStyles(ForwardRef(InputBase))
          inputProps={
            Object {
              "aria-label": "search",
            }
          }
          placeholder="Searchâ€¦"
        />
        <div>
          <Icon
            color={null}
            horizontal={false}
            path="M9.5,3A6.5,6.5 0 0,1 16,9.5C16,11.11 15.41,12.59 14.44,13.73L14.71,14H15.5L20.5,19L19,20.5L14,15.5V14.71L13.73,14.44C12.59,15.41 11.11,16 9.5,16A6.5,6.5 0 0,1 3,9.5A6.5,6.5 0 0,1 9.5,3M9.5,5C7,5 5,7 5,9.5C5,12 7,14 9.5,14C12,14 14,12 14,9.5C14,7 12,5 9.5,5Z"
            rotate={0}
            size={1}
            spin={false}
            vertical={false}
          />
        </div>
      </WithStyles(ForwardRef(Paper))>
    </div>
  </div>
</WithStyles(ForwardRef(AppBar))>
`;
