// Jest Snapshot v1, https://goo.gl/fbAQLP

exports[`Login Renders Login 1`] = `
<ApolloConsumer>
  <Component />
</ApolloConsumer>
`;
